./Afbeeldingen niet gelukt
./README.md gelukt
./bestanden niet gelukt
./checkStatus.sh gelukt
./naarPNG.sh gelukt
./reset gelukt
./sorteerAfbeeldingen.sh gelukt
./voeruit.sh gelukt
